fits_f=4:0                               wall=    0.60s N_D=29 Tcost=79
fits_f=4:248                             wall=    0.11s N_D=33 Tcost=55
fits_f=4:496                             wall=    0.11s N_D=30 Tcost=67
fits_f=4:744                             wall=    0.10s N_D=31 Tcost=67
topk_f=4:L721:colmajor                   wall=    0.14s N_D=27 Tcost=91
topk_f=4:L2157:colmajor                  wall=    0.13s N_D=25 Tcost=77
topk_f=4:L481:tcost                      wall=    0.09s N_D=37 Tcost=63
fits_f=6:0                               wall=    0.15s N_D=51 Tcost=103
fits_f=6:198                             wall=    0.12s N_D=57 Tcost=67
fits_f=6:396                             wall=    0.22s N_D=41 Tcost=111
fits_f=6:594                             wall=    0.15s N_D=51 Tcost=77
topk_f=6:L309:colmajor                   wall=    0.18s N_D=47 Tcost=101
topk_f=6:L921:colmajor                   wall=    0.21s N_D=31 Tcost=107
topk_f=6:L207:tcost                      wall=    0.15s N_D=53 Tcost=77
fits_f=8:0                               wall=    0.30s N_D=50 Tcost=136
fits_f=8:247                             wall=    0.26s N_D=54 Tcost=150
fits_f=8:494                             wall=    0.27s N_D=47 Tcost=134
fits_f=8:741                             wall=    0.20s N_D=67 Tcost=137
topk_f=8:L273:colmajor                   wall=    0.24s N_D=65 Tcost=123
topk_f=8:L813:colmajor                   wall=    0.19s N_D=67 Tcost=99
topk_f=8:L183:tcost                      wall=    0.24s N_D=58 Tcost=132
fits_f=10:0                              wall=    0.32s N_D=71 Tcost=153
fits_f=10:25                             wall=    0.29s N_D=72 Tcost=159
fits_f=10:50                             wall=    0.33s N_D=65 Tcost=175
fits_f=10:75                             wall=    0.32s N_D=68 Tcost=170
topk_f=10:L273:colmajor                  wall=    0.24s N_D=81 Tcost=157
topk_f=10:L813:colmajor                  wall=    0.39s N_D=47 Tcost=205
topk_f=10:L183:tcost                     wall=    0.30s N_D=77 Tcost=170
fits_f=12:0                              wall=    0.30s N_D=105 Tcost=157
fits_f=12:25                             wall=    0.33s N_D=94 Tcost=184
fits_f=12:50                             wall=    0.43s N_D=74 Tcost=212
fits_f=12:75                             wall=    0.34s N_D=81 Tcost=223
topk_f=12:L273:colmajor                  wall=    0.39s N_D=78 Tcost=201
topk_f=12:L813:colmajor                  wall=    0.28s N_D=101 Tcost=167
topk_f=12:L183:tcost                     wall=    0.40s N_D=84 Tcost=197
fits_f=14:0                              wall=    0.39s N_D=99 Tcost=231
fits_f=14:25                             wall=    0.77s N_D=89 Tcost=265
fits_f=14:50                             wall=    0.65s N_D=107 Tcost=196
fits_f=14:75                             wall=    0.76s N_D=99 Tcost=231
topk_f=14:L273:colmajor                  wall=    0.59s N_D=126 Tcost=161
topk_f=14:L813:colmajor                  wall=    0.96s N_D=104 Tcost=188
topk_f=14:L183:tcost                     wall=    1.15s N_D=128 Tcost=184
fits_f=16:0                              wall=    1.08s N_D=94 Tcost=262
fits_f=16:248                            wall=    0.53s N_D=139 Tcost=225
fits_f=16:496                            wall=    0.83s N_D=143 Tcost=201
fits_f=16:744                            wall=    1.29s N_D=125 Tcost=231
topk_f=16:L273:colmajor                  wall=    1.38s N_D=137 Tcost=237
topk_f=16:L813:colmajor                  wall=    1.47s N_D=119 Tcost=255
topk_f=16:L183:tcost                     wall=    1.68s N_D=123 Tcost=241
