table build 3.4s
fits_f=4:0                               wall=   31.82s N_D=29 Tcost=79
fits_f=4:248                             wall=   39.54s N_D=33 Tcost=55
fits_f=4:496                             wall=   43.45s N_D=30 Tcost=67
fits_f=4:744                             wall=   19.90s N_D=31 Tcost=67
topk_f=4:L721:colmajor                   wall=   66.72s N_D=27 Tcost=91
topk_f=4:L2157:colmajor                  wall=   20.55s N_D=25 Tcost=77
topk_f=4:L481:tcost                      wall=   17.28s N_D=37 Tcost=63
fits_f=6:0                               wall=   45.68s N_D=51 Tcost=103
fits_f=6:198                             wall=   60.46s N_D=57 Tcost=67
fits_f=6:396                             wall=  138.03s N_D=41 Tcost=111
fits_f=6:594                             wall=   32.50s N_D=51 Tcost=77
topk_f=6:L309:colmajor                   wall=   51.27s N_D=47 Tcost=101
topk_f=6:L921:colmajor                   wall=   43.91s N_D=31 Tcost=107
topk_f=6:L207:tcost                      wall=   21.50s N_D=53 Tcost=77
fits_f=8:0                               wall=   54.98s N_D=50 Tcost=136
fits_f=8:247                             wall=   54.31s N_D=54 Tcost=150
fits_f=8:494                             wall=   82.83s N_D=47 Tcost=134
fits_f=8:741                             wall=   99.15s N_D=67 Tcost=137
topk_f=8:L273:colmajor                   wall=   84.50s N_D=65 Tcost=123
topk_f=8:L813:colmajor                   wall=   60.56s N_D=67 Tcost=99
topk_f=8:L183:tcost                      wall=   40.03s N_D=58 Tcost=132
fits_f=10:0                              wall=  101.81s N_D=71 Tcost=153
fits_f=10:25                             wall=   62.36s N_D=72 Tcost=159
fits_f=10:50                             wall=   79.79s N_D=65 Tcost=175
fits_f=10:75                             wall=  135.70s N_D=68 Tcost=170
topk_f=10:L273:colmajor                  wall=  103.47s N_D=81 Tcost=157
topk_f=10:L813:colmajor                  wall=   41.18s N_D=47 Tcost=205
topk_f=10:L183:tcost                     wall=   20.45s N_D=77 Tcost=170
