
=== Phase 1: Direct search SKIPPED (eps=0.005 < cum_3(theta)~0.383301, non-Clifford angle) ===

=== Phase 2: bidir SKIPPED (eps too tight for K<=5) ===

=== Phase 3: HRSA search ===
HRSA_bestD: max_solns=10, OMP threads=16
Enumerating entry candidates for f = 0.
Finished enumerating entry possibilities for f = 0.
Enumerating entry candidates for f = 1.
Finished enumerating entry possibilities for f = 1.
Enumerating entry candidates for f = 2.
Finished enumerating entry possibilities for f = 2.
Enumerating entry candidates for f = 3.
Finished enumerating entry possibilities for f = 3.
Found 10 candidate(s) at f=3. Decomposing each to find minimum D-count...
[canonical_lookup] built 953532 entries in 16.46 s (depth=2, alphabet=8748)
  Candidate 1/10: D_gates=41
  Candidate 2/10: D_gates=41
  Candidate 3/10: D_gates=35
  Candidate 4/10: D_gates=32
  Candidate 5/10: D_gates=32
  Candidate 6/10: D_gates=35
  Candidate 7/10: D_gates=41
  Candidate 8/10: D_gates=41
  Candidate 9/10: D_gates=41
  Candidate 10/10: D_gates=35
Epsilon Diff. Val.: 2.68013e-06 Eps. Cond.: 3.125e-06
Selected candidate 4 with 32 D-gate(s).
Success!
x_1: (1/3^3)(16z^0 + -3z^1 + -4z^2 + 10z^3 + 2z^4 + -20z^5) 0.998995
x_2: (1/3^3)(6z^0 + -21z^1 + 7z^2 + 10z^3 + 4z^4 + 10z^5) 1.001
x_3: (1/3^3)(11z^0 + -7z^1 + 3z^2 + 1z^3 + 4z^4 + 2z^5) 0.000780501
Target x_1 = e^(i theta/2) : 0.923879 + i0.382684
Found x_1 (should be close to Target x_1): 0.923027 + i0.382115
Found x_2 (should be close to -1): -1.001 + i0.000120283
Found x_3 (should be close to 0): 0.000758434 + i0.000184285
Squared Frobenius norm of vector (should be exactly 2): 2
Matrix Frobenius distance ||X_(0,1) H - R_(0,1)^Z(theta)||_F = 0.00324273   (target epsilon = 0.005, passes: YES)

=== Summary ===
Epsilon Diff. Val.: 0.00324273 Eps. Cond.: 3.125e-06
Matrix Frobenius distance ||X_(0,1) H - R_(0,1)^Z(theta)||_F = 0.00324273   (target epsilon = 0.005, passes: YES)
Total D gates:    32
Method: HRSA(f=3)
Success!
JSON output written to sweep_v2_local/h_0.7854_0.005.json
