
=== Phase 1: Direct search SKIPPED (eps=0.05 < cum_3(theta)~0.098374, non-Clifford angle) ===

=== Phase 2: bidir SKIPPED (eps too tight for K<=5) ===

=== Phase 3: HRSA search ===
HRSA_bestD: max_solns=10, OMP threads=16
Enumerating entry candidates for f = 0.
Finished enumerating entry possibilities for f = 0.
Enumerating entry candidates for f = 1.
Finished enumerating entry possibilities for f = 1.
Enumerating entry candidates for f = 2.
Finished enumerating entry possibilities for f = 2.
Found 10 candidate(s) at f=2. Decomposing each to find minimum D-count...
[canonical_lookup] built 953532 entries in 20.52 s (depth=2, alphabet=8748)
  Candidate 1/10: D_gates=21
  Candidate 2/10: D_gates=29
  Candidate 3/10: D_gates=21
  Candidate 4/10: D_gates=28
  Candidate 5/10: D_gates=21
  Candidate 6/10: D_gates=26
  Candidate 7/10: D_gates=26
  Candidate 8/10: D_gates=21
  Candidate 9/10: D_gates=28
  Candidate 10/10: D_gates=21
Epsilon Diff. Val.: 0.000261678 Eps. Cond.: 0.0003125
Selected candidate 1 with 21 D-gate(s).
Success!
x_1: (1/3^2)(4z^0 + -2z^1 + 4z^2 + 5z^3 + -4z^4 + -2z^5) 0.989981
x_2: (1/3^2)(-4z^1 + 1z^2 + 3z^3 + 1z^4 + 4z^5) 1.00989
x_3: (1/3^2)(5z^0 + -6z^1 + 1z^2 + 3z^3 + -1z^5) 0.00780932
Target x_1 = e^(i theta/2) : 0.707105 + i0.707108
Found x_1 (should be close to Target x_1): 0.700073 + i0.699971
Found x_2 (should be close to -1): -1.00989 + i-0.00159188
Found x_3 (should be close to 0): 0.00189713 + i0.00757538
Squared Frobenius norm of vector (should be exactly 2): 2
Matrix Frobenius distance ||X_(0,1) H - R_(0,1)^Z(theta)||_F = 0.0322811   (target epsilon = 0.05, passes: YES)

=== Summary ===
Epsilon Diff. Val.: 0.0322811 Eps. Cond.: 0.0003125
Matrix Frobenius distance ||X_(0,1) H - R_(0,1)^Z(theta)||_F = 0.0322811   (target epsilon = 0.05, passes: YES)
Total D gates:    21
Method: HRSA(f=2)
Success!
JSON output written to sweep_v2_local/h_1.5708_0.05.json
