
=== Phase 1: Direct search SKIPPED (eps=0.005 < cum_3(theta)~0.098374, non-Clifford angle) ===

=== Phase 2: bidir SKIPPED (eps too tight for K<=5) ===

=== Phase 3: HRSA search ===
HRSA_bestD: max_solns=10, OMP threads=16
Enumerating entry candidates for f = 0.
Finished enumerating entry possibilities for f = 0.
Enumerating entry candidates for f = 1.
Finished enumerating entry possibilities for f = 1.
Enumerating entry candidates for f = 2.
Finished enumerating entry possibilities for f = 2.
Enumerating entry candidates for f = 3.
Finished enumerating entry possibilities for f = 3.
Found 10 candidate(s) at f=3. Decomposing each to find minimum D-count...
[canonical_lookup] built 953532 entries in 20.00 s (depth=2, alphabet=8748)
  Candidate 1/10: D_gates=43
  Candidate 2/10: D_gates=43
  Candidate 3/10: D_gates=43
  Candidate 4/10: D_gates=43
  Candidate 5/10: D_gates=43
  Candidate 6/10: D_gates=43
  Candidate 7/10: D_gates=43
  Candidate 8/10: D_gates=43
  Candidate 9/10: D_gates=43
  Candidate 10/10: D_gates=43
Epsilon Diff. Val.: 2.84434e-06 Eps. Cond.: 3.125e-06
Selected candidate 1 with 43 D-gate(s).
Success!
x_1: (1/3^3)(-8z^0 + 17z^1 + 12z^2 + -7z^3 + -1z^4 + -8z^5) 0.998875
x_2: (1/3^3)(-11z^0 + 10z^1 + -9z^3 + 17z^4 + 13z^5) 1.00112
x_3: (1/3^3)(9z^0 + -12z^1 + 12z^2 + -5z^4 + 7z^5) 0.000439243
Target x_1 = e^(i theta/2) : 0.707105 + i0.707108
Found x_1 (should be close to Target x_1): 0.706065 + i0.706557
Found x_2 (should be close to -1): -1.00112 + i6.40013e-05
Found x_3 (should be close to 0): 0.000439243 + i-1.64477e-17
Squared Frobenius norm of vector (should be exactly 2): 2
Matrix Frobenius distance ||X_(0,1) H - R_(0,1)^Z(theta)||_F = 0.00334939   (target epsilon = 0.005, passes: YES)

=== Summary ===
Epsilon Diff. Val.: 0.00334939 Eps. Cond.: 3.125e-06
Matrix Frobenius distance ||X_(0,1) H - R_(0,1)^Z(theta)||_F = 0.00334939   (target epsilon = 0.005, passes: YES)
Total D gates:    43
Method: HRSA(f=3)
Success!
JSON output written to sweep_v2_local/h_1.5708_0.005.json
