
=== Phase 1: Direct search SKIPPED (eps=0.05 < cum_3(theta)~0.383301, non-Clifford angle) ===

=== Phase 2: bidir SKIPPED (eps too tight for K<=5) ===

=== Phase 3: HRSA search ===
HRSA_bestD: max_solns=10, OMP threads=16
Enumerating entry candidates for f = 0.
Finished enumerating entry possibilities for f = 0.
Enumerating entry candidates for f = 1.
Finished enumerating entry possibilities for f = 1.
Enumerating entry candidates for f = 2.
Finished enumerating entry possibilities for f = 2.
Found 10 candidate(s) at f=2. Decomposing each to find minimum D-count...
[canonical_lookup] built 953532 entries in 16.21 s (depth=2, alphabet=8748)
  Candidate 1/10: D_gates=33
  Candidate 2/10: D_gates=33
  Candidate 3/10: D_gates=33
  Candidate 4/10: D_gates=33
  Candidate 5/10: D_gates=33
  Candidate 6/10: D_gates=33
  Candidate 7/10: D_gates=33
  Candidate 8/10: D_gates=33
  Candidate 9/10: D_gates=33
  Candidate 10/10: D_gates=33
Epsilon Diff. Val.: 0.000170277 Eps. Cond.: 0.0003125
Selected candidate 1 with 33 D-gate(s).
Success!
x_1: (1/3^2)(3z^0 + 2z^1 + 2z^2 + -3z^3 + 3z^4 + -5z^5) 0.992077
x_2: (1/3^2)(1z^0 + -1z^1 + -2z^2 + 1z^3 + 7z^4 + 2z^5) 1.00785
x_3: (1/3^2)(-1z^0 + -3z^1 + 3z^2 + -3z^4) 0.00465434
Target x_1 = e^(i theta/2) : 0.923879 + i0.382684
Found x_1 (should be close to Target x_1): 0.917641 + i0.377031
Found x_2 (should be close to -1): -1.00784 + i-0.00403078
Found x_3 (should be close to 0): 0.00465434 + i-4.93432e-17
Squared Frobenius norm of vector (should be exactly 2): 2
Matrix Frobenius distance ||X_(0,1) H - R_(0,1)^Z(theta)||_F = 0.026043   (target epsilon = 0.05, passes: YES)

=== Summary ===
Epsilon Diff. Val.: 0.026043 Eps. Cond.: 0.0003125
Matrix Frobenius distance ||X_(0,1) H - R_(0,1)^Z(theta)||_F = 0.026043   (target epsilon = 0.05, passes: YES)
Total D gates:    33
Method: HRSA(f=2)
Success!
JSON output written to sweep_v2_local/h_0.7854_0.05.json
