
=== Phase 1: Direct search SKIPPED (eps=0.1 < cum_3(theta)~0.407709, non-Clifford angle) ===

=== Phase 2: bidir SKIPPED (eps too tight for K<=5) ===

=== Phase 3: HRSA search ===
HRSA_bestD: max_solns=10, OMP threads=16
Enumerating entry candidates for f = 0.
Finished enumerating entry possibilities for f = 0.
Enumerating entry candidates for f = 1.
Finished enumerating entry possibilities for f = 1.
Enumerating entry candidates for f = 2.
Finished enumerating entry possibilities for f = 2.
Found 10 candidate(s) at f=2. Decomposing each to find minimum D-count...
[canonical_lookup] built 953532 entries in 19.27 s (depth=2, alphabet=8748)
  Candidate 1/10: D_gates=19
  Candidate 2/10: D_gates=19
  Candidate 3/10: D_gates=31
  Candidate 4/10: D_gates=31
  Candidate 5/10: D_gates=31
  Candidate 6/10: D_gates=19
  Candidate 7/10: D_gates=19
  Candidate 8/10: D_gates=31
  Candidate 9/10: D_gates=19
  Candidate 10/10: D_gates=31
Epsilon Diff. Val.: 0.00124724 Eps. Cond.: 0.00125
Selected candidate 1 with 19 D-gate(s).
Success!
x_1: (1/3^2)(4z^0 + 5z^1 + -1z^2 + 2z^3 + 6z^4 + -4z^5) 0.976934
x_2: (1/3^2)(1z^0 + -4z^1 + 3z^3 + 3z^4 + 3z^5) 1.02249
x_3: (1/3^2)(-3z^1 + 5z^3 + -6z^4 + 1z^5) 0.0111068
Target x_1 = e^(i theta/2) : 0.535835 + i0.844323
Found x_1 (should be close to Target x_1): 0.530799 + i0.820154
Found x_2 (should be close to -1): -1.02248 + i0.00299175
Found x_3 (should be close to 0): -0.0110745 + i0.000847021
Squared Frobenius norm of vector (should be exactly 2): 2
Matrix Frobenius distance ||X_(0,1) H - R_(0,1)^Z(theta)||_F = 0.0686648   (target epsilon = 0.1, passes: YES)

=== Summary ===
Epsilon Diff. Val.: 0.0686648 Eps. Cond.: 0.00125
Matrix Frobenius distance ||X_(0,1) H - R_(0,1)^Z(theta)||_F = 0.0686648   (target epsilon = 0.1, passes: YES)
Total D gates:    19
Method: HRSA(f=2)
Success!
JSON output written to sweep_v2_local/h_2.0106_0.1.json
