
=== Phase 1: Direct search SKIPPED (eps=0.1 < cum_3(theta)~0.285376, non-Clifford angle) ===

=== Phase 2: bidir SKIPPED (eps too tight for K<=5) ===

=== Phase 3: HRSA search ===
HRSA_bestD: max_solns=10, OMP threads=16
Enumerating entry candidates for f = 0.
Finished enumerating entry possibilities for f = 0.
Enumerating entry candidates for f = 1.
Finished enumerating entry possibilities for f = 1.
Enumerating entry candidates for f = 2.
Finished enumerating entry possibilities for f = 2.
Found 10 candidate(s) at f=2. Decomposing each to find minimum D-count...
[canonical_lookup] built 953532 entries in 15.48 s (depth=2, alphabet=8748)
  Candidate 1/10: D_gates=17
  Candidate 2/10: D_gates=17
  Candidate 3/10: D_gates=17
  Candidate 4/10: D_gates=17
  Candidate 5/10: D_gates=17
  Candidate 6/10: D_gates=17
  Candidate 7/10: D_gates=17
  Candidate 8/10: D_gates=17
  Candidate 9/10: D_gates=17
  Candidate 10/10: D_gates=17
Epsilon Diff. Val.: 0.00118214 Eps. Cond.: 0.00125
Selected candidate 1 with 17 D-gate(s).
Success!
x_1: (1/3^2)(6z^0 + -3z^1 + 1z^2 + 2z^3 + -1z^4 + -5z^5) 0.97584
x_2: (1/3^2)(-1z^0 + 2z^1 + -2z^2 + 6z^4 + 4z^5) 1.02357
x_3: (1/3^2)(-5z^0 + 2z^1 + -2z^2 + -1z^4 + -3z^5) 0.00627078
Target x_1 = e^(i theta/2) : 0.968912 + i0.247404
Found x_1 (should be close to Target x_1): 0.945963 + i0.23962
Found x_2 (should be close to -1): -1.02357 + i1.23358e-16
Found x_3 (should be close to 0): -0.00627078 + i-4.93432e-17
Squared Frobenius norm of vector (should be exactly 2): 2
Matrix Frobenius distance ||X_(0,1) H - R_(0,1)^Z(theta)||_F = 0.0687089   (target epsilon = 0.1, passes: YES)

=== Summary ===
Epsilon Diff. Val.: 0.0687089 Eps. Cond.: 0.00125
Matrix Frobenius distance ||X_(0,1) H - R_(0,1)^Z(theta)||_F = 0.0687089   (target epsilon = 0.1, passes: YES)
Total D gates:    17
Method: HRSA(f=2)
Success!
JSON output written to sweep_v2_local/h_0.5_0.1.json
