
=== Phase 1: Direct search SKIPPED (eps=0.01 < cum_3(theta)~0.251006, non-Clifford angle) ===

=== Phase 2: bidir SKIPPED (eps too tight for K<=5) ===

=== Phase 3: HRSA search ===
HRSA_bestD: max_solns=10, OMP threads=16
Enumerating entry candidates for f = 0.
Finished enumerating entry possibilities for f = 0.
Enumerating entry candidates for f = 1.
Finished enumerating entry possibilities for f = 1.
Enumerating entry candidates for f = 2.
Finished enumerating entry possibilities for f = 2.
Enumerating entry candidates for f = 3.
Finished enumerating entry possibilities for f = 3.
Found 10 candidate(s) at f=3. Decomposing each to find minimum D-count...
[canonical_lookup] built 953532 entries in 15.66 s (depth=2, alphabet=8748)
  Candidate 1/10: D_gates=57
  Candidate 2/10: D_gates=57
  Candidate 3/10: D_gates=57
  Candidate 4/10: D_gates=57
  Candidate 5/10: D_gates=57
  Candidate 6/10: D_gates=57
  Candidate 7/10: D_gates=57
  Candidate 8/10: D_gates=57
  Candidate 9/10: D_gates=57
  Candidate 10/10: D_gates=57
Epsilon Diff. Val.: 1.2407e-05 Eps. Cond.: 1.25e-05
Selected candidate 1 with 57 D-gate(s).
Success!
x_1: (1/3^3)(12z^0 + 12z^1 + 15z^2 + -9z^3 + 5z^5) 0.997539
x_2: (1/3^3)(-5z^0 + 5z^1 + 1z^2 + -8z^3 + 20z^4 + 12z^5) 1.00246
x_3: (1/3^3)(12z^0 + -9z^1 + 7z^2 + 7z^3 + -9z^4 + 12z^5) 0.000439243
Target x_1 = e^(i theta/2) : 0.876309 + i0.481749
Found x_1 (should be close to Target x_1): 0.874029 + i0.480787
Found x_2 (should be close to -1): -1.00246 + i0.000248286
Found x_3 (should be close to 0): 7.62738e-05 + i-0.00043257
Squared Frobenius norm of vector (should be exactly 2): 2
Matrix Frobenius distance ||X_(0,1) H - R_(0,1)^Z(theta)||_F = 0.00704469   (target epsilon = 0.01, passes: YES)

=== Summary ===
Epsilon Diff. Val.: 0.00704469 Eps. Cond.: 1.25e-05
Matrix Frobenius distance ||X_(0,1) H - R_(0,1)^Z(theta)||_F = 0.00704469   (target epsilon = 0.01, passes: YES)
Total D gates:    57
Method: HRSA(f=3)
Success!
JSON output written to sweep_v2_local/h_1.0053_0.01.json
